Archive member included to satisfy reference by file (symbol)

c:/program files (x86)/atmel/studio/7.0/toolchain/avr8/avr8-gnu-toolchain/bin/../lib/gcc/avr/5.4.0/avr5\libgcc.a(_exit.o)
                              C:/Program Files (x86)/Atmel/Studio/7.0/Packs/atmel/ATmega_DFP/1.2.209/gcc/dev/atmega328p/avr5/crtatmega328p.o (exit)
c:/program files (x86)/atmel/studio/7.0/toolchain/avr8/avr8-gnu-toolchain/bin/../lib/gcc/avr/5.4.0/avr5\libgcc.a(_copy_data.o)
                              main.o (__do_copy_data)
c:/program files (x86)/atmel/studio/7.0/toolchain/avr8/avr8-gnu-toolchain/bin/../lib/gcc/avr/5.4.0/avr5\libgcc.a(_clear_bss.o)
                              main.o (__do_clear_bss)

Allocating common symbols
Common symbol       size              file

UserNome            0x1e              Server.o
TBuffer             0x3c              Serial.o
User                0x7               Server.o
Char                0x4               Serial.o
Senha               0x7               Server.o
RBuffer             0x3c              Serial.o
Letra               0x2               Server.o

Discarded input sections

 .data          0x00000000        0x0 C:/Program Files (x86)/Atmel/Studio/7.0/Packs/atmel/ATmega_DFP/1.2.209/gcc/dev/atmega328p/avr5/crtatmega328p.o
 .bss           0x00000000        0x0 C:/Program Files (x86)/Atmel/Studio/7.0/Packs/atmel/ATmega_DFP/1.2.209/gcc/dev/atmega328p/avr5/crtatmega328p.o
 .group         0x00000000        0x8 Delay.o
 .group         0x00000000        0x8 Delay.o
 .group         0x00000000        0x8 Delay.o
 .group         0x00000000        0x8 Delay.o
 .group         0x00000000        0x8 Delay.o
 .group         0x00000000        0x8 Delay.o
 .group         0x00000000        0x8 Delay.o
 .group         0x00000000        0x8 Delay.o
 .group         0x00000000        0x8 Delay.o
 .group         0x00000000        0x8 Delay.o
 .group         0x00000000        0x8 Delay.o
 .group         0x00000000        0x8 Delay.o
 .group         0x00000000        0x8 Delay.o
 .text          0x00000000        0x0 Delay.o
 .data          0x00000000        0x0 Delay.o
 .bss           0x00000000        0x0 Delay.o
 .group         0x00000000        0x8 Lcd.o
 .group         0x00000000        0x8 Lcd.o
 .group         0x00000000        0x8 Lcd.o
 .group         0x00000000        0x8 Lcd.o
 .group         0x00000000        0x8 Lcd.o
 .group         0x00000000        0x8 Lcd.o
 .group         0x00000000        0x8 Lcd.o
 .group         0x00000000        0x8 Lcd.o
 .group         0x00000000        0x8 Lcd.o
 .group         0x00000000        0x8 Lcd.o
 .group         0x00000000        0x8 Lcd.o
 .group         0x00000000        0x8 Lcd.o
 .text          0x00000000        0x0 Lcd.o
 .data          0x00000000        0x0 Lcd.o
 .bss           0x00000000        0x0 Lcd.o
 .debug_macro   0x00000000      0xa4e Lcd.o
 .debug_macro   0x00000000       0x10 Lcd.o
 .debug_macro   0x00000000      0x1c9 Lcd.o
 .debug_macro   0x00000000      0x2fc Lcd.o
 .debug_macro   0x00000000       0x9e Lcd.o
 .debug_macro   0x00000000     0x1410 Lcd.o
 .debug_macro   0x00000000      0x13a Lcd.o
 .debug_macro   0x00000000       0xbd Lcd.o
 .debug_macro   0x00000000       0x34 Lcd.o
 .debug_macro   0x00000000       0x18 Lcd.o
 .debug_macro   0x00000000       0x6c Lcd.o
 .debug_macro   0x00000000       0x1c Lcd.o
 .group         0x00000000        0x8 main.o
 .group         0x00000000        0x8 main.o
 .group         0x00000000        0x8 main.o
 .group         0x00000000        0x8 main.o
 .group         0x00000000        0x8 main.o
 .group         0x00000000        0x8 main.o
 .group         0x00000000        0x8 main.o
 .group         0x00000000        0x8 main.o
 .group         0x00000000        0x8 main.o
 .group         0x00000000        0x8 main.o
 .group         0x00000000        0x8 main.o
 .group         0x00000000        0x8 main.o
 .text          0x00000000        0x0 main.o
 .data          0x00000000        0x0 main.o
 .bss           0x00000000        0x0 main.o
 .bss.Position  0x00000000        0x2 main.o
 .debug_macro   0x00000000      0xa4e main.o
 .debug_macro   0x00000000       0x10 main.o
 .debug_macro   0x00000000      0x1c9 main.o
 .debug_macro   0x00000000      0x2fc main.o
 .debug_macro   0x00000000       0x9e main.o
 .debug_macro   0x00000000     0x1410 main.o
 .debug_macro   0x00000000      0x13a main.o
 .debug_macro   0x00000000       0xbd main.o
 .debug_macro   0x00000000       0x34 main.o
 .debug_macro   0x00000000       0x18 main.o
 .debug_macro   0x00000000       0x6c main.o
 .debug_macro   0x00000000       0x1c main.o
 .group         0x00000000        0x8 Relogio.o
 .group         0x00000000        0x8 Relogio.o
 .group         0x00000000        0x8 Relogio.o
 .group         0x00000000        0x8 Relogio.o
 .group         0x00000000        0x8 Relogio.o
 .group         0x00000000        0x8 Relogio.o
 .group         0x00000000        0x8 Relogio.o
 .group         0x00000000        0x8 Relogio.o
 .group         0x00000000        0x8 Relogio.o
 .group         0x00000000        0x8 Relogio.o
 .group         0x00000000        0x8 Relogio.o
 .group         0x00000000        0x8 Relogio.o
 .group         0x00000000        0x8 Relogio.o
 .text          0x00000000        0x0 Relogio.o
 .data          0x00000000        0x0 Relogio.o
 .bss           0x00000000        0x0 Relogio.o
 .debug_macro   0x00000000      0xa4e Relogio.o
 .debug_macro   0x00000000       0x10 Relogio.o
 .debug_macro   0x00000000      0x1c9 Relogio.o
 .debug_macro   0x00000000      0x2fc Relogio.o
 .debug_macro   0x00000000       0x9e Relogio.o
 .debug_macro   0x00000000     0x1410 Relogio.o
 .debug_macro   0x00000000      0x13a Relogio.o
 .debug_macro   0x00000000       0xbd Relogio.o
 .debug_macro   0x00000000       0x34 Relogio.o
 .debug_macro   0x00000000       0x18 Relogio.o
 .debug_macro   0x00000000       0x6c Relogio.o
 .debug_macro   0x00000000       0x69 Relogio.o
 .debug_macro   0x00000000       0x1c Relogio.o
 .group         0x00000000        0x8 Serial.o
 .group         0x00000000        0x8 Serial.o
 .group         0x00000000        0x8 Serial.o
 .group         0x00000000        0x8 Serial.o
 .group         0x00000000        0x8 Serial.o
 .group         0x00000000        0x8 Serial.o
 .group         0x00000000        0x8 Serial.o
 .group         0x00000000        0x8 Serial.o
 .group         0x00000000        0x8 Serial.o
 .group         0x00000000        0x8 Serial.o
 .group         0x00000000        0x8 Serial.o
 .group         0x00000000        0x8 Serial.o
 .group         0x00000000        0x8 Serial.o
 .group         0x00000000        0x8 Serial.o
 .text          0x00000000        0x0 Serial.o
 .data          0x00000000        0x0 Serial.o
 .bss           0x00000000        0x0 Serial.o
 .rodata.str1.1
                0x00000000        0x4 Serial.o
 .text.PrintaBuffer
                0x00000000       0x22 Serial.o
 .bss.PreServer
                0x00000000        0x2 Serial.o
 .bss.check     0x00000000        0x2 Serial.o
 .bss.TSize     0x00000000        0x2 Serial.o
 .debug_macro   0x00000000      0xa4e Serial.o
 .debug_macro   0x00000000       0x10 Serial.o
 .debug_macro   0x00000000      0x1c9 Serial.o
 .debug_macro   0x00000000      0x2fc Serial.o
 .debug_macro   0x00000000       0x9e Serial.o
 .debug_macro   0x00000000     0x1410 Serial.o
 .debug_macro   0x00000000      0x13a Serial.o
 .debug_macro   0x00000000       0xbd Serial.o
 .debug_macro   0x00000000       0x34 Serial.o
 .debug_macro   0x00000000       0x18 Serial.o
 .debug_macro   0x00000000       0x6c Serial.o
 .debug_macro   0x00000000       0x69 Serial.o
 .debug_macro   0x00000000       0x1c Serial.o
 .group         0x00000000        0x8 Server.o
 .group         0x00000000        0x8 Server.o
 .text          0x00000000        0x0 Server.o
 .data          0x00000000        0x0 Server.o
 .bss           0x00000000        0x0 Server.o
 .text.PrintaUser
                0x00000000       0x1a Server.o
 .text.MandaRelogio
                0x00000000      0x10a Server.o
 .debug_macro   0x00000000      0xa4e Server.o
 .debug_macro   0x00000000       0x1c Server.o
 .group         0x00000000        0x8 Teclado.o
 .group         0x00000000        0x8 Teclado.o
 .group         0x00000000        0x8 Teclado.o
 .group         0x00000000        0x8 Teclado.o
 .group         0x00000000        0x8 Teclado.o
 .group         0x00000000        0x8 Teclado.o
 .group         0x00000000        0x8 Teclado.o
 .group         0x00000000        0x8 Teclado.o
 .group         0x00000000        0x8 Teclado.o
 .group         0x00000000        0x8 Teclado.o
 .group         0x00000000        0x8 Teclado.o
 .group         0x00000000        0x8 Teclado.o
 .text          0x00000000        0x0 Teclado.o
 .data          0x00000000        0x0 Teclado.o
 .bss           0x00000000        0x0 Teclado.o
 .debug_macro   0x00000000      0xa4e Teclado.o
 .debug_macro   0x00000000       0x10 Teclado.o
 .debug_macro   0x00000000      0x1c9 Teclado.o
 .debug_macro   0x00000000      0x2fc Teclado.o
 .debug_macro   0x00000000       0x9e Teclado.o
 .debug_macro   0x00000000     0x1410 Teclado.o
 .debug_macro   0x00000000      0x13a Teclado.o
 .debug_macro   0x00000000       0xbd Teclado.o
 .debug_macro   0x00000000       0x34 Teclado.o
 .debug_macro   0x00000000       0x18 Teclado.o
 .debug_macro   0x00000000       0x6c Teclado.o
 .debug_macro   0x00000000       0x1c Teclado.o
 .group         0x00000000        0x8 src/ASF/mega/boards/atmega328p_xplained_mini/init.o
 .group         0x00000000        0x8 src/ASF/mega/boards/atmega328p_xplained_mini/init.o
 .group         0x00000000        0x8 src/ASF/mega/boards/atmega328p_xplained_mini/init.o
 .group         0x00000000        0x8 src/ASF/mega/boards/atmega328p_xplained_mini/init.o
 .group         0x00000000        0x8 src/ASF/mega/boards/atmega328p_xplained_mini/init.o
 .group         0x00000000        0x8 src/ASF/mega/boards/atmega328p_xplained_mini/init.o
 .group         0x00000000        0x8 src/ASF/mega/boards/atmega328p_xplained_mini/init.o
 .group         0x00000000        0x8 src/ASF/mega/boards/atmega328p_xplained_mini/init.o
 .group         0x00000000        0x8 src/ASF/mega/boards/atmega328p_xplained_mini/init.o
 .group         0x00000000        0x8 src/ASF/mega/boards/atmega328p_xplained_mini/init.o
 .group         0x00000000        0x8 src/ASF/mega/boards/atmega328p_xplained_mini/init.o
 .group         0x00000000        0x8 src/ASF/mega/boards/atmega328p_xplained_mini/init.o
 .group         0x00000000        0x8 src/ASF/mega/boards/atmega328p_xplained_mini/init.o
 .group         0x00000000        0x8 src/ASF/mega/boards/atmega328p_xplained_mini/init.o
 .group         0x00000000        0x8 src/ASF/mega/boards/atmega328p_xplained_mini/init.o
 .group         0x00000000        0x8 src/ASF/mega/boards/atmega328p_xplained_mini/init.o
 .group         0x00000000        0x8 src/ASF/mega/boards/atmega328p_xplained_mini/init.o
 .group         0x00000000        0x8 src/ASF/mega/boards/atmega328p_xplained_mini/init.o
 .group         0x00000000        0x8 src/ASF/mega/boards/atmega328p_xplained_mini/init.o
 .group         0x00000000        0x8 src/ASF/mega/boards/atmega328p_xplained_mini/init.o
 .group         0x00000000        0x8 src/ASF/mega/boards/atmega328p_xplained_mini/init.o
 .group         0x00000000        0x8 src/ASF/mega/boards/atmega328p_xplained_mini/init.o
 .group         0x00000000        0x8 src/ASF/mega/boards/atmega328p_xplained_mini/init.o
 .group         0x00000000        0x8 src/ASF/mega/boards/atmega328p_xplained_mini/init.o
 .group         0x00000000        0x8 src/ASF/mega/boards/atmega328p_xplained_mini/init.o
 .group         0x00000000        0x8 src/ASF/mega/boards/atmega328p_xplained_mini/init.o
 .group         0x00000000        0x8 src/ASF/mega/boards/atmega328p_xplained_mini/init.o
 .group         0x00000000        0x8 src/ASF/mega/boards/atmega328p_xplained_mini/init.o
 .group         0x00000000        0x8 src/ASF/mega/boards/atmega328p_xplained_mini/init.o
 .text          0x00000000        0x0 src/ASF/mega/boards/atmega328p_xplained_mini/init.o
 .data          0x00000000        0x0 src/ASF/mega/boards/atmega328p_xplained_mini/init.o
 .bss           0x00000000        0x0 src/ASF/mega/boards/atmega328p_xplained_mini/init.o
 .text.board_init
                0x00000000       0x12 src/ASF/mega/boards/atmega328p_xplained_mini/init.o
 .debug_info    0x00000000      0x282 src/ASF/mega/boards/atmega328p_xplained_mini/init.o
 .debug_abbrev  0x00000000      0x149 src/ASF/mega/boards/atmega328p_xplained_mini/init.o
 .debug_loc     0x00000000       0x50 src/ASF/mega/boards/atmega328p_xplained_mini/init.o
 .debug_aranges
                0x00000000       0x20 src/ASF/mega/boards/atmega328p_xplained_mini/init.o
 .debug_ranges  0x00000000       0x10 src/ASF/mega/boards/atmega328p_xplained_mini/init.o
 .debug_macro   0x00000000      0x17f src/ASF/mega/boards/atmega328p_xplained_mini/init.o
 .debug_macro   0x00000000      0xa4e src/ASF/mega/boards/atmega328p_xplained_mini/init.o
 .debug_macro   0x00000000       0x10 src/ASF/mega/boards/atmega328p_xplained_mini/init.o
 .debug_macro   0x00000000      0x1c9 src/ASF/mega/boards/atmega328p_xplained_mini/init.o
 .debug_macro   0x00000000      0x2fc src/ASF/mega/boards/atmega328p_xplained_mini/init.o
 .debug_macro   0x00000000       0x9e src/ASF/mega/boards/atmega328p_xplained_mini/init.o
 .debug_macro   0x00000000     0x1410 src/ASF/mega/boards/atmega328p_xplained_mini/init.o
 .debug_macro   0x00000000      0x13a src/ASF/mega/boards/atmega328p_xplained_mini/init.o
 .debug_macro   0x00000000       0xbd src/ASF/mega/boards/atmega328p_xplained_mini/init.o
 .debug_macro   0x00000000       0x34 src/ASF/mega/boards/atmega328p_xplained_mini/init.o
 .debug_macro   0x00000000       0x18 src/ASF/mega/boards/atmega328p_xplained_mini/init.o
 .debug_macro   0x00000000       0x6c src/ASF/mega/boards/atmega328p_xplained_mini/init.o
 .debug_macro   0x00000000       0x22 src/ASF/mega/boards/atmega328p_xplained_mini/init.o
 .debug_macro   0x00000000      0x16d src/ASF/mega/boards/atmega328p_xplained_mini/init.o
 .debug_macro   0x00000000       0x1c src/ASF/mega/boards/atmega328p_xplained_mini/init.o
 .debug_macro   0x00000000       0x35 src/ASF/mega/boards/atmega328p_xplained_mini/init.o
 .debug_macro   0x00000000       0x66 src/ASF/mega/boards/atmega328p_xplained_mini/init.o
 .debug_macro   0x00000000      0x6d7 src/ASF/mega/boards/atmega328p_xplained_mini/init.o
 .debug_macro   0x00000000       0x43 src/ASF/mega/boards/atmega328p_xplained_mini/init.o
 .debug_macro   0x00000000       0x69 src/ASF/mega/boards/atmega328p_xplained_mini/init.o
 .debug_macro   0x00000000       0x2b src/ASF/mega/boards/atmega328p_xplained_mini/init.o
 .debug_macro   0x00000000       0x10 src/ASF/mega/boards/atmega328p_xplained_mini/init.o
 .debug_macro   0x00000000       0xe2 src/ASF/mega/boards/atmega328p_xplained_mini/init.o
 .debug_macro   0x00000000       0x40 src/ASF/mega/boards/atmega328p_xplained_mini/init.o
 .debug_macro   0x00000000      0x100 src/ASF/mega/boards/atmega328p_xplained_mini/init.o
 .debug_macro   0x00000000      0x2bd src/ASF/mega/boards/atmega328p_xplained_mini/init.o
 .debug_macro   0x00000000       0x56 src/ASF/mega/boards/atmega328p_xplained_mini/init.o
 .debug_macro   0x00000000       0x40 src/ASF/mega/boards/atmega328p_xplained_mini/init.o
 .debug_macro   0x00000000       0x16 src/ASF/mega/boards/atmega328p_xplained_mini/init.o
 .debug_macro   0x00000000       0x58 src/ASF/mega/boards/atmega328p_xplained_mini/init.o
 .debug_line    0x00000000      0x46c src/ASF/mega/boards/atmega328p_xplained_mini/init.o
 .debug_str     0x00000000    0x105c8 src/ASF/mega/boards/atmega328p_xplained_mini/init.o
 .comment       0x00000000       0x31 src/ASF/mega/boards/atmega328p_xplained_mini/init.o
 .debug_frame   0x00000000       0x24 src/ASF/mega/boards/atmega328p_xplained_mini/init.o
 .text          0x00000000        0x0 c:/program files (x86)/atmel/studio/7.0/toolchain/avr8/avr8-gnu-toolchain/bin/../lib/gcc/avr/5.4.0/avr5\libgcc.a(_exit.o)
 .data          0x00000000        0x0 c:/program files (x86)/atmel/studio/7.0/toolchain/avr8/avr8-gnu-toolchain/bin/../lib/gcc/avr/5.4.0/avr5\libgcc.a(_exit.o)
 .bss           0x00000000        0x0 c:/program files (x86)/atmel/studio/7.0/toolchain/avr8/avr8-gnu-toolchain/bin/../lib/gcc/avr/5.4.0/avr5\libgcc.a(_exit.o)
 .text.libgcc.mul
                0x00000000        0x0 c:/program files (x86)/atmel/studio/7.0/toolchain/avr8/avr8-gnu-toolchain/bin/../lib/gcc/avr/5.4.0/avr5\libgcc.a(_exit.o)
 .text.libgcc.div
                0x00000000        0x0 c:/program files (x86)/atmel/studio/7.0/toolchain/avr8/avr8-gnu-toolchain/bin/../lib/gcc/avr/5.4.0/avr5\libgcc.a(_exit.o)
 .text.libgcc   0x00000000        0x0 c:/program files (x86)/atmel/studio/7.0/toolchain/avr8/avr8-gnu-toolchain/bin/../lib/gcc/avr/5.4.0/avr5\libgcc.a(_exit.o)
 .text.libgcc.prologue
                0x00000000        0x0 c:/program files (x86)/atmel/studio/7.0/toolchain/avr8/avr8-gnu-toolchain/bin/../lib/gcc/avr/5.4.0/avr5\libgcc.a(_exit.o)
 .text.libgcc.builtins
                0x00000000        0x0 c:/program files (x86)/atmel/studio/7.0/toolchain/avr8/avr8-gnu-toolchain/bin/../lib/gcc/avr/5.4.0/avr5\libgcc.a(_exit.o)
 .text.libgcc.fmul
                0x00000000        0x0 c:/program files (x86)/atmel/studio/7.0/toolchain/avr8/avr8-gnu-toolchain/bin/../lib/gcc/avr/5.4.0/avr5\libgcc.a(_exit.o)
 .text.libgcc.fixed
                0x00000000        0x0 c:/program files (x86)/atmel/studio/7.0/toolchain/avr8/avr8-gnu-toolchain/bin/../lib/gcc/avr/5.4.0/avr5\libgcc.a(_exit.o)
 .text          0x00000000        0x0 c:/program files (x86)/atmel/studio/7.0/toolchain/avr8/avr8-gnu-toolchain/bin/../lib/gcc/avr/5.4.0/avr5\libgcc.a(_copy_data.o)
 .data          0x00000000        0x0 c:/program files (x86)/atmel/studio/7.0/toolchain/avr8/avr8-gnu-toolchain/bin/../lib/gcc/avr/5.4.0/avr5\libgcc.a(_copy_data.o)
 .bss           0x00000000        0x0 c:/program files (x86)/atmel/studio/7.0/toolchain/avr8/avr8-gnu-toolchain/bin/../lib/gcc/avr/5.4.0/avr5\libgcc.a(_copy_data.o)
 .text.libgcc.mul
                0x00000000        0x0 c:/program files (x86)/atmel/studio/7.0/toolchain/avr8/avr8-gnu-toolchain/bin/../lib/gcc/avr/5.4.0/avr5\libgcc.a(_copy_data.o)
 .text.libgcc.div
                0x00000000        0x0 c:/program files (x86)/atmel/studio/7.0/toolchain/avr8/avr8-gnu-toolchain/bin/../lib/gcc/avr/5.4.0/avr5\libgcc.a(_copy_data.o)
 .text.libgcc   0x00000000        0x0 c:/program files (x86)/atmel/studio/7.0/toolchain/avr8/avr8-gnu-toolchain/bin/../lib/gcc/avr/5.4.0/avr5\libgcc.a(_copy_data.o)
 .text.libgcc.prologue
                0x00000000        0x0 c:/program files (x86)/atmel/studio/7.0/toolchain/avr8/avr8-gnu-toolchain/bin/../lib/gcc/avr/5.4.0/avr5\libgcc.a(_copy_data.o)
 .text.libgcc.builtins
                0x00000000        0x0 c:/program files (x86)/atmel/studio/7.0/toolchain/avr8/avr8-gnu-toolchain/bin/../lib/gcc/avr/5.4.0/avr5\libgcc.a(_copy_data.o)
 .text.libgcc.fmul
                0x00000000        0x0 c:/program files (x86)/atmel/studio/7.0/toolchain/avr8/avr8-gnu-toolchain/bin/../lib/gcc/avr/5.4.0/avr5\libgcc.a(_copy_data.o)
 .text.libgcc.fixed
                0x00000000        0x0 c:/program files (x86)/atmel/studio/7.0/toolchain/avr8/avr8-gnu-toolchain/bin/../lib/gcc/avr/5.4.0/avr5\libgcc.a(_copy_data.o)
 .text          0x00000000        0x0 c:/program files (x86)/atmel/studio/7.0/toolchain/avr8/avr8-gnu-toolchain/bin/../lib/gcc/avr/5.4.0/avr5\libgcc.a(_clear_bss.o)
 .data          0x00000000        0x0 c:/program files (x86)/atmel/studio/7.0/toolchain/avr8/avr8-gnu-toolchain/bin/../lib/gcc/avr/5.4.0/avr5\libgcc.a(_clear_bss.o)
 .bss           0x00000000        0x0 c:/program files (x86)/atmel/studio/7.0/toolchain/avr8/avr8-gnu-toolchain/bin/../lib/gcc/avr/5.4.0/avr5\libgcc.a(_clear_bss.o)
 .text.libgcc.mul
                0x00000000        0x0 c:/program files (x86)/atmel/studio/7.0/toolchain/avr8/avr8-gnu-toolchain/bin/../lib/gcc/avr/5.4.0/avr5\libgcc.a(_clear_bss.o)
 .text.libgcc.div
                0x00000000        0x0 c:/program files (x86)/atmel/studio/7.0/toolchain/avr8/avr8-gnu-toolchain/bin/../lib/gcc/avr/5.4.0/avr5\libgcc.a(_clear_bss.o)
 .text.libgcc   0x00000000        0x0 c:/program files (x86)/atmel/studio/7.0/toolchain/avr8/avr8-gnu-toolchain/bin/../lib/gcc/avr/5.4.0/avr5\libgcc.a(_clear_bss.o)
 .text.libgcc.prologue
                0x00000000        0x0 c:/program files (x86)/atmel/studio/7.0/toolchain/avr8/avr8-gnu-toolchain/bin/../lib/gcc/avr/5.4.0/avr5\libgcc.a(_clear_bss.o)
 .text.libgcc.builtins
                0x00000000        0x0 c:/program files (x86)/atmel/studio/7.0/toolchain/avr8/avr8-gnu-toolchain/bin/../lib/gcc/avr/5.4.0/avr5\libgcc.a(_clear_bss.o)
 .text.libgcc.fmul
                0x00000000        0x0 c:/program files (x86)/atmel/studio/7.0/toolchain/avr8/avr8-gnu-toolchain/bin/../lib/gcc/avr/5.4.0/avr5\libgcc.a(_clear_bss.o)
 .text.libgcc.fixed
                0x00000000        0x0 c:/program files (x86)/atmel/studio/7.0/toolchain/avr8/avr8-gnu-toolchain/bin/../lib/gcc/avr/5.4.0/avr5\libgcc.a(_clear_bss.o)

Memory Configuration

Name             Origin             Length             Attributes
text             0x00000000         0x00020000         xr
data             0x00800060         0x0000ffa0         rw !x
eeprom           0x00810000         0x00010000         rw !x
fuse             0x00820000         0x00000003         rw !x
lock             0x00830000         0x00000400         rw !x
signature        0x00840000         0x00000400         rw !x
user_signatures  0x00850000         0x00000400         rw !x
*default*        0x00000000         0xffffffff

Linker script and memory map

Address of section .data set to 0x800100
LOAD C:/Program Files (x86)/Atmel/Studio/7.0/Packs/atmel/ATmega_DFP/1.2.209/gcc/dev/atmega328p/avr5/crtatmega328p.o
LOAD Delay.o
LOAD Lcd.o
LOAD main.o
LOAD Relogio.o
LOAD Serial.o
LOAD Server.o
LOAD Teclado.o
LOAD src/ASF/mega/boards/atmega328p_xplained_mini/init.o
START GROUP
LOAD c:/program files (x86)/atmel/studio/7.0/toolchain/avr8/avr8-gnu-toolchain/bin/../lib/gcc/avr/5.4.0/../../../../avr/lib/avr5\libm.a
END GROUP
START GROUP
LOAD c:/program files (x86)/atmel/studio/7.0/toolchain/avr8/avr8-gnu-toolchain/bin/../lib/gcc/avr/5.4.0/avr5\libgcc.a
LOAD c:/program files (x86)/atmel/studio/7.0/toolchain/avr8/avr8-gnu-toolchain/bin/../lib/gcc/avr/5.4.0/../../../../avr/lib/avr5\libm.a
LOAD c:/program files (x86)/atmel/studio/7.0/toolchain/avr8/avr8-gnu-toolchain/bin/../lib/gcc/avr/5.4.0/../../../../avr/lib/avr5\libc.a
LOAD C:/Program Files (x86)/Atmel/Studio/7.0/Packs/atmel/ATmega_DFP/1.2.209/gcc/dev/atmega328p/avr5\libatmega328p.a
END GROUP
                0x00020000                __TEXT_REGION_LENGTH__ = DEFINED (__TEXT_REGION_LENGTH__)?__TEXT_REGION_LENGTH__:0x20000
                0x0000ffa0                __DATA_REGION_LENGTH__ = DEFINED (__DATA_REGION_LENGTH__)?__DATA_REGION_LENGTH__:0xffa0
                0x00010000                __EEPROM_REGION_LENGTH__ = DEFINED (__EEPROM_REGION_LENGTH__)?__EEPROM_REGION_LENGTH__:0x10000
                [0x00000003]                __FUSE_REGION_LENGTH__ = DEFINED (__FUSE_REGION_LENGTH__)?__FUSE_REGION_LENGTH__:0x400
                0x00000400                __LOCK_REGION_LENGTH__ = DEFINED (__LOCK_REGION_LENGTH__)?__LOCK_REGION_LENGTH__:0x400
                0x00000400                __SIGNATURE_REGION_LENGTH__ = DEFINED (__SIGNATURE_REGION_LENGTH__)?__SIGNATURE_REGION_LENGTH__:0x400
                0x00000400                __USER_SIGNATURE_REGION_LENGTH__ = DEFINED (__USER_SIGNATURE_REGION_LENGTH__)?__USER_SIGNATURE_REGION_LENGTH__:0x400

.hash
 *(.hash)

.dynsym
 *(.dynsym)

.dynstr
 *(.dynstr)

.gnu.version
 *(.gnu.version)

.gnu.version_d
 *(.gnu.version_d)

.gnu.version_r
 *(.gnu.version_r)

.rel.init
 *(.rel.init)

.rela.init
 *(.rela.init)

.rel.text
 *(.rel.text)
 *(.rel.text.*)
 *(.rel.gnu.linkonce.t*)

.rela.text
 *(.rela.text)
 *(.rela.text.*)
 *(.rela.gnu.linkonce.t*)

.rel.fini
 *(.rel.fini)

.rela.fini
 *(.rela.fini)

.rel.rodata
 *(.rel.rodata)
 *(.rel.rodata.*)
 *(.rel.gnu.linkonce.r*)

.rela.rodata
 *(.rela.rodata)
 *(.rela.rodata.*)
 *(.rela.gnu.linkonce.r*)

.rel.data
 *(.rel.data)
 *(.rel.data.*)
 *(.rel.gnu.linkonce.d*)

.rela.data
 *(.rela.data)
 *(.rela.data.*)
 *(.rela.gnu.linkonce.d*)

.rel.ctors
 *(.rel.ctors)

.rela.ctors
 *(.rela.ctors)

.rel.dtors
 *(.rel.dtors)

.rela.dtors
 *(.rela.dtors)

.rel.got
 *(.rel.got)

.rela.got
 *(.rela.got)

.rel.bss
 *(.rel.bss)

.rela.bss
 *(.rela.bss)

.rel.plt
 *(.rel.plt)

.rela.plt
 *(.rela.plt)

.text           0x00000000      0xc4e
 *(.vectors)
 .vectors       0x00000000       0x68 C:/Program Files (x86)/Atmel/Studio/7.0/Packs/atmel/ATmega_DFP/1.2.209/gcc/dev/atmega328p/avr5/crtatmega328p.o
                0x00000000                __vector_default
                0x00000000                __vectors
 *(.vectors)
 *(.progmem.gcc*)
                0x00000068                . = ALIGN (0x2)
                0x00000068                __trampolines_start = .
 *(.trampolines)
 .trampolines   0x00000068        0x0 linker stubs
 *(.trampolines*)
                0x00000068                __trampolines_end = .
 *libprintf_flt.a:*(.progmem.data)
 *libc.a:*(.progmem.data)
 *(.progmem*)
                0x00000068                . = ALIGN (0x2)
 *(.jumptables)
 *(.jumptables*)
 *(.lowtext)
 *(.lowtext*)
                0x00000068                __ctors_start = .
 *(.ctors)
                0x00000068                __ctors_end = .
                0x00000068                __dtors_start = .
 *(.dtors)
                0x00000068                __dtors_end = .
 SORT(*)(.ctors)
 SORT(*)(.dtors)
 *(.init0)
 .init0         0x00000068        0x0 C:/Program Files (x86)/Atmel/Studio/7.0/Packs/atmel/ATmega_DFP/1.2.209/gcc/dev/atmega328p/avr5/crtatmega328p.o
                0x00000068                __init
 *(.init0)
 *(.init1)
 *(.init1)
 *(.init2)
 .init2         0x00000068        0xc C:/Program Files (x86)/Atmel/Studio/7.0/Packs/atmel/ATmega_DFP/1.2.209/gcc/dev/atmega328p/avr5/crtatmega328p.o
 *(.init2)
 *(.init3)
 *(.init3)
 *(.init4)
 .init4         0x00000074       0x16 c:/program files (x86)/atmel/studio/7.0/toolchain/avr8/avr8-gnu-toolchain/bin/../lib/gcc/avr/5.4.0/avr5\libgcc.a(_copy_data.o)
                0x00000074                __do_copy_data
 .init4         0x0000008a       0x10 c:/program files (x86)/atmel/studio/7.0/toolchain/avr8/avr8-gnu-toolchain/bin/../lib/gcc/avr/5.4.0/avr5\libgcc.a(_clear_bss.o)
                0x0000008a                __do_clear_bss
 *(.init4)
 *(.init5)
 *(.init5)
 *(.init6)
 *(.init6)
 *(.init7)
 *(.init7)
 *(.init8)
 *(.init8)
 *(.init9)
 .init9         0x0000009a        0x4 C:/Program Files (x86)/Atmel/Studio/7.0/Packs/atmel/ATmega_DFP/1.2.209/gcc/dev/atmega328p/avr5/crtatmega328p.o
 *(.init9)
 *(.text)
 .text          0x0000009e        0x2 C:/Program Files (x86)/Atmel/Studio/7.0/Packs/atmel/ATmega_DFP/1.2.209/gcc/dev/atmega328p/avr5/crtatmega328p.o
                0x0000009e                __vector_22
                0x0000009e                __vector_1
                0x0000009e                __vector_24
                0x0000009e                __vector_12
                0x0000009e                __bad_interrupt
                0x0000009e                __vector_6
                0x0000009e                __vector_3
                0x0000009e                __vector_23
                0x0000009e                __vector_25
                0x0000009e                __vector_13
                0x0000009e                __vector_17
                0x0000009e                __vector_19
                0x0000009e                __vector_7
                0x0000009e                __vector_5
                0x0000009e                __vector_4
                0x0000009e                __vector_9
                0x0000009e                __vector_2
                0x0000009e                __vector_21
                0x0000009e                __vector_15
                0x0000009e                __vector_8
                0x0000009e                __vector_14
                0x0000009e                __vector_10
                0x0000009e                __vector_16
                0x000000a0                . = ALIGN (0x2)
 *(.text.*)
 .text.delay_1ms
                0x000000a0        0xe Delay.o
                0x000000a0                delay_1ms
 .text.delay_ms
                0x000000ae       0x16 Delay.o
                0x000000ae                delay_ms
 .text.LCD_comando
                0x000000c4       0x44 Lcd.o
                0x000000c4                LCD_comando
 .text.LCD_config
                0x00000108       0x2a Lcd.o
                0x00000108                LCD_config
 .text.LCD_clear
                0x00000132        0x6 Lcd.o
                0x00000132                LCD_clear
 .text.LCD_posicao
                0x00000138       0x3e Lcd.o
                0x00000138                LCD_posicao
 .text.LCD_putchar
                0x00000176       0x42 Lcd.o
                0x00000176                LCD_putchar
 .text.LCD_escreve
                0x000001b8       0x1e Lcd.o
                0x000001b8                LCD_escreve
 .text.BloqueiaTerminal
                0x000001d6        0xa main.o
                0x000001d6                BloqueiaTerminal
 .text.LiberaTerminal
                0x000001e0        0xe main.o
                0x000001e0                LiberaTerminal
 .text.ForaDeOp
                0x000001ee       0x46 main.o
                0x000001ee                ForaDeOp
 .text.main     0x00000234       0xaa main.o
                0x00000234                main
 .text.EncerraSessao
                0x000002de        0xa main.o
                0x000002de                EncerraSessao
 .text.IniciaRelogio
                0x000002e8       0x1c Relogio.o
                0x000002e8                IniciaRelogio
 .text.__vector_11
                0x00000304       0xa8 Relogio.o
                0x00000304                __vector_11
 .text.ZeraWatch
                0x000003ac       0x18 Relogio.o
                0x000003ac                ZeraWatch
 .text.USART_init
                0x000003c4       0x32 Serial.o
                0x000003c4                USART_init
 .text.USART_putstring
                0x000003f6       0x4c Serial.o
                0x000003f6                USART_putstring
 .text.__vector_20
                0x00000442       0x74 Serial.o
                0x00000442                __vector_20
 .text.__vector_18
                0x000004b6       0x80 Serial.o
                0x000004b6                __vector_18
 .text.TelaInicial
                0x00000536       0x1c Server.o
                0x00000536                TelaInicial
 .text.Server_Login
                0x00000552       0x3e Server.o
                0x00000552                Server_Login
 .text.Server_Menu
                0x00000590       0x1c Server.o
                0x00000590                Server_Menu
 .text.Login    0x000005ac      0x196 Server.o
                0x000005ac                Login
 .text.ContaRelogio
                0x00000742       0x34 Server.o
                0x00000742                ContaRelogio
 .text.Server_FechaSessao
                0x00000776       0x18 Server.o
                0x00000776                Server_FechaSessao
 .text.Server_Receive
                0x0000078e      0x390 Server.o
                0x0000078e                Server_Receive
 .text.Server_Horas
                0x00000b1e        0x6 Server.o
                0x00000b1e                Server_Horas
 .text.DebounceB
                0x00000b24       0x2e Teclado.o
                0x00000b24                DebounceB
 .text.DebounceC
                0x00000b52       0x2e Teclado.o
                0x00000b52                DebounceC
 .text.Init_Teclado
                0x00000b80       0x1a Teclado.o
                0x00000b80                Init_Teclado
 .text.Le_teclado
                0x00000b9a       0xb0 Teclado.o
                0x00000b9a                Le_teclado
                0x00000c4a                . = ALIGN (0x2)
 *(.fini9)
 .fini9         0x00000c4a        0x0 c:/program files (x86)/atmel/studio/7.0/toolchain/avr8/avr8-gnu-toolchain/bin/../lib/gcc/avr/5.4.0/avr5\libgcc.a(_exit.o)
                0x00000c4a                _exit
                0x00000c4a                exit
 *(.fini9)
 *(.fini8)
 *(.fini8)
 *(.fini7)
 *(.fini7)
 *(.fini6)
 *(.fini6)
 *(.fini5)
 *(.fini5)
 *(.fini4)
 *(.fini4)
 *(.fini3)
 *(.fini3)
 *(.fini2)
 *(.fini2)
 *(.fini1)
 *(.fini1)
 *(.fini0)
 .fini0         0x00000c4a        0x4 c:/program files (x86)/atmel/studio/7.0/toolchain/avr8/avr8-gnu-toolchain/bin/../lib/gcc/avr/5.4.0/avr5\libgcc.a(_exit.o)
 *(.fini0)
                0x00000c4e                _etext = .

.data           0x00800100       0x92 load address 0x00000c4e
                0x00800100                PROVIDE (__data_start, .)
 *(.data)
 *(.data*)
 .data.ServerOn
                0x00800100        0x2 main.o
                0x00800100                ServerOn
 .data.Normal   0x00800102        0x2 Server.o
                0x00800102                Normal
 .data.Usuario  0x00800104        0x2 Server.o
                0x00800104                Usuario
 .data.Teclas   0x00800106       0x10 Teclado.o
                0x00800106                Teclas
 .data.bounce   0x00800116        0x1 Teclado.o
                0x00800116                bounce
 *(.gnu.linkonce.d*)
 *(.rodata)
 *(.rodata*)
 .rodata.str1.1
                0x00800117       0x11 main.o
 .rodata.str1.1
                0x00800128       0x69 Server.o
 *(.gnu.linkonce.r*)
                0x00800192                . = ALIGN (0x2)
 *fill*         0x00800191        0x1 
                0x00800192                _edata = .
                0x00800192                PROVIDE (__data_end, .)

.bss            0x00800192       0xcc
                0x00800192                PROVIDE (__bss_start, .)
 *(.bss)
 *(.bss*)
 .bss.login     0x00800192        0x2 main.o
                0x00800192                login
 .bss.aux       0x00800194        0x2 main.o
                0x00800194                aux
 .bss.LedOn     0x00800196        0x2 Relogio.o
                0x00800196                LedOn
 .bss.aff       0x00800198        0x2 Relogio.o
                0x00800198                aff
 .bss.WatchDog  0x0080019a        0x2 Relogio.o
                0x0080019a                WatchDog
 .bss.TBRPosition
                0x0080019c        0x2 Serial.o
                0x0080019c                TBRPosition
 .bss.TBWPosition
                0x0080019e        0x2 Serial.o
                0x0080019e                TBWPosition
 .bss.RBPosition
                0x008001a0        0x2 Serial.o
                0x008001a0                RBPosition
 .bss.dia       0x008001a2        0x1 Server.o
                0x008001a2                dia
 .bss.mes       0x008001a3        0x1 Server.o
                0x008001a3                mes
 .bss.horas     0x008001a4        0x1 Server.o
                0x008001a4                horas
 .bss.minutos   0x008001a5        0x1 Server.o
                0x008001a5                minutos
 .bss.segundos  0x008001a6        0x1 Server.o
                0x008001a6                segundos
 .bss.TamanhoNome
                0x008001a7        0x2 Server.o
                0x008001a7                TamanhoNome
 .bss.LIBERA    0x008001a9        0x2 Server.o
                0x008001a9                LIBERA
 .bss.countNome
                0x008001ab        0x2 Server.o
                0x008001ab                countNome
 .bss.count     0x008001ad        0x2 Server.o
                0x008001ad                count
 .bss.PegaNome  0x008001af        0x2 Server.o
                0x008001af                PegaNome
 .bss.auxhoras  0x008001b1        0x2 Server.o
                0x008001b1                auxhoras
 .bss.AtualizaHoras
                0x008001b3        0x1 Server.o
                0x008001b3                AtualizaHoras
 *(COMMON)
 COMMON         0x008001b4       0x7c Serial.o
                0x008001b4                TBuffer
                0x008001f0                Char
                0x008001f4                RBuffer
 COMMON         0x00800230       0x2e Server.o
                0x00800230                UserNome
                0x0080024e                User
                0x00800255                Senha
                0x0080025c                Letra
                0x0080025e                PROVIDE (__bss_end, .)
                0x00000c4e                __data_load_start = LOADADDR (.data)
                0x00000ce0                __data_load_end = (__data_load_start + SIZEOF (.data))

.noinit         0x0080025e        0x0
                [!provide]                PROVIDE (__noinit_start, .)
 *(.noinit*)
                [!provide]                PROVIDE (__noinit_end, .)
                0x0080025e                _end = .
                [!provide]                PROVIDE (__heap_start, .)

.eeprom         0x00810000        0x0
 *(.eeprom*)
                0x00810000                __eeprom_end = .

.fuse
 *(.fuse)
 *(.lfuse)
 *(.hfuse)
 *(.efuse)

.lock
 *(.lock*)

.signature
 *(.signature*)

.user_signatures
 *(.user_signatures*)

.stab
 *(.stab)

.stabstr
 *(.stabstr)

.stab.excl
 *(.stab.excl)

.stab.exclstr
 *(.stab.exclstr)

.stab.index
 *(.stab.index)

.stab.indexstr
 *(.stab.indexstr)

.comment        0x00000000       0x30
 *(.comment)
 .comment       0x00000000       0x30 Delay.o
                                 0x31 (size before relaxing)
 .comment       0x00000030       0x31 Lcd.o
 .comment       0x00000030       0x31 main.o
 .comment       0x00000030       0x31 Relogio.o
 .comment       0x00000030       0x31 Serial.o
 .comment       0x00000030       0x31 Server.o
 .comment       0x00000030       0x31 Teclado.o

.note.gnu.avr.deviceinfo
                0x00000000       0x40
 .note.gnu.avr.deviceinfo
                0x00000000       0x40 C:/Program Files (x86)/Atmel/Studio/7.0/Packs/atmel/ATmega_DFP/1.2.209/gcc/dev/atmega328p/avr5/crtatmega328p.o

.note.gnu.build-id
 *(.note.gnu.build-id)

.debug
 *(.debug)

.line
 *(.line)

.debug_srcinfo
 *(.debug_srcinfo)

.debug_sfnames
 *(.debug_sfnames)

.debug_aranges  0x00000000      0x1c0
 *(.debug_aranges)
 .debug_aranges
                0x00000000       0x28 Delay.o
 .debug_aranges
                0x00000028       0x48 Lcd.o
 .debug_aranges
                0x00000070       0x40 main.o
 .debug_aranges
                0x000000b0       0x30 Relogio.o
 .debug_aranges
                0x000000e0       0x40 Serial.o
 .debug_aranges
                0x00000120       0x68 Server.o
 .debug_aranges
                0x00000188       0x38 Teclado.o

.debug_pubnames
 *(.debug_pubnames)

.debug_info     0x00000000     0x1bcf
 *(.debug_info .gnu.linkonce.wi.*)
 .debug_info    0x00000000      0x5f4 C:/Program Files (x86)/Atmel/Studio/7.0/Packs/atmel/ATmega_DFP/1.2.209/gcc/dev/atmega328p/avr5/crtatmega328p.o
 .debug_info    0x000005f4       0xbf Delay.o
 .debug_info    0x000006b3      0x2f4 Lcd.o
 .debug_info    0x000009a7      0x349 main.o
 .debug_info    0x00000cf0      0x125 Relogio.o
 .debug_info    0x00000e15      0x283 Serial.o
 .debug_info    0x00001098      0x92b Server.o
 .debug_info    0x000019c3      0x20c Teclado.o

.debug_abbrev   0x00000000      0xcc2
 *(.debug_abbrev)
 .debug_abbrev  0x00000000      0x5a2 C:/Program Files (x86)/Atmel/Studio/7.0/Packs/atmel/ATmega_DFP/1.2.209/gcc/dev/atmega328p/avr5/crtatmega328p.o
 .debug_abbrev  0x000005a2       0x88 Delay.o
 .debug_abbrev  0x0000062a       0xf1 Lcd.o
 .debug_abbrev  0x0000071b      0x115 main.o
 .debug_abbrev  0x00000830       0xad Relogio.o
 .debug_abbrev  0x000008dd      0x12f Serial.o
 .debug_abbrev  0x00000a0c      0x1d1 Server.o
 .debug_abbrev  0x00000bdd       0xe5 Teclado.o

.debug_line     0x00000000     0x1a0e
 *(.debug_line .debug_line.* .debug_line_end)
 .debug_line    0x00000000      0x133 C:/Program Files (x86)/Atmel/Studio/7.0/Packs/atmel/ATmega_DFP/1.2.209/gcc/dev/atmega328p/avr5/crtatmega328p.o
 .debug_line    0x00000133      0x28f Delay.o
 .debug_line    0x000003c2      0x381 Lcd.o
 .debug_line    0x00000743      0x36e main.o
 .debug_line    0x00000ab1      0x2d3 Relogio.o
 .debug_line    0x00000d84      0x3b5 Serial.o
 .debug_line    0x00001139      0x557 Server.o
 .debug_line    0x00001690      0x37e Teclado.o

.debug_frame    0x00000000      0x444
 *(.debug_frame)
 .debug_frame   0x00000000       0x40 Delay.o
 .debug_frame   0x00000040       0xa0 Lcd.o
 .debug_frame   0x000000e0       0x64 main.o
 .debug_frame   0x00000144       0x8c Relogio.o
 .debug_frame   0x000001d0       0xd4 Serial.o
 .debug_frame   0x000002a4      0x118 Server.o
 .debug_frame   0x000003bc       0x88 Teclado.o

.debug_str      0x00000000     0x705e
 *(.debug_str)
 .debug_str     0x00000000      0x208 C:/Program Files (x86)/Atmel/Studio/7.0/Packs/atmel/ATmega_DFP/1.2.209/gcc/dev/atmega328p/avr5/crtatmega328p.o
 .debug_str     0x00000208     0x6aae Delay.o
                               0x6b59 (size before relaxing)
 .debug_str     0x00006cb6       0x60 Lcd.o
                               0x682b (size before relaxing)
 .debug_str     0x00006d16       0xac main.o
                               0x68ae (size before relaxing)
 .debug_str     0x00006dc2       0x53 Relogio.o
                               0x6b91 (size before relaxing)
 .debug_str     0x00006e15      0x13b Serial.o
                               0x6c83 (size before relaxing)
 .debug_str     0x00006f50       0xbc Server.o
                               0x2d16 (size before relaxing)
 .debug_str     0x0000700c       0x52 Teclado.o
                               0x6844 (size before relaxing)

.debug_loc      0x00000000      0x9b2
 *(.debug_loc)
 .debug_loc     0x00000000       0x57 Delay.o
 .debug_loc     0x00000057      0x1b4 Lcd.o
 .debug_loc     0x0000020b       0xcb Relogio.o
 .debug_loc     0x000002d6      0x1d9 Serial.o
 .debug_loc     0x000004af      0x2a2 Server.o
 .debug_loc     0x00000751      0x261 Teclado.o

.debug_macinfo
 *(.debug_macinfo)

.debug_weaknames
 *(.debug_weaknames)

.debug_funcnames
 *(.debug_funcnames)

.debug_typenames
 *(.debug_typenames)

.debug_varnames
 *(.debug_varnames)

.debug_pubtypes
 *(.debug_pubtypes)

.debug_ranges   0x00000000      0x150
 *(.debug_ranges)
 .debug_ranges  0x00000000       0x18 Delay.o
 .debug_ranges  0x00000018       0x38 Lcd.o
 .debug_ranges  0x00000050       0x30 main.o
 .debug_ranges  0x00000080       0x20 Relogio.o
 .debug_ranges  0x000000a0       0x30 Serial.o
 .debug_ranges  0x000000d0       0x58 Server.o
 .debug_ranges  0x00000128       0x28 Teclado.o

.debug_macro    0x00000000     0x2add
 *(.debug_macro)
 .debug_macro   0x00000000       0x99 Delay.o
 .debug_macro   0x00000099      0xa4e Delay.o
 .debug_macro   0x00000ae7       0x10 Delay.o
 .debug_macro   0x00000af7      0x1c9 Delay.o
 .debug_macro   0x00000cc0      0x2fc Delay.o
 .debug_macro   0x00000fbc       0x9e Delay.o
 .debug_macro   0x0000105a     0x1410 Delay.o
 .debug_macro   0x0000246a      0x13a Delay.o
 .debug_macro   0x000025a4       0xbd Delay.o
 .debug_macro   0x00002661       0x34 Delay.o
 .debug_macro   0x00002695       0x18 Delay.o
 .debug_macro   0x000026ad       0x6c Delay.o
 .debug_macro   0x00002719       0x69 Delay.o
 .debug_macro   0x00002782       0x1c Delay.o
 .debug_macro   0x0000279e       0x90 Lcd.o
 .debug_macro   0x0000282e       0x9c main.o
 .debug_macro   0x000028ca       0x99 Relogio.o
 .debug_macro   0x00002963       0xa2 Serial.o
 .debug_macro   0x00002a05       0x2e Serial.o
 .debug_macro   0x00002a33       0x1a Server.o
 .debug_macro   0x00002a4d       0x90 Teclado.o
OUTPUT(Projeto1.elf elf32-avr)
LOAD linker stubs
